<?xml version="1.0" encoding="UTF-8"?>
<testsuites name="jest tests" tests="11" failures="0" errors="0" time="7.917">
  <testsuite name="XDFwe/User Update Property" errors="0" failures="0" skipped="1" timestamp="2024-02-11T19:14:47" time="1.758" tests="1">
    <testcase classname="XDFwe/User Update Property no-op" name="XDFwe/User Update Property no-op" time="0">
      <skipped/>
    </testcase>
  </testsuite>
  <testsuite name="Scheduler/Display Calendar" errors="0" failures="0" skipped="1" timestamp="2024-02-11T19:14:47" time="1.792" tests="1">
    <testcase classname="Scheduler/Display Calendar no-op" name="Scheduler/Display Calendar no-op" time="0">
      <skipped/>
    </testcase>
  </testsuite>
  <testsuite name="XDFwe/User View Enquiry Volumes Chart" errors="0" failures="0" skipped="1" timestamp="2024-02-11T19:14:47" time="1.828" tests="1">
    <testcase classname="XDFwe/User View Enquiry Volumes Chart no-op" name="XDFwe/User View Enquiry Volumes Chart no-op" time="0">
      <skipped/>
    </testcase>
  </testsuite>
  <testsuite name="XDFwe/User View Sales Opportunities Chart" errors="0" failures="0" skipped="1" timestamp="2024-02-11T19:14:47" time="1.81" tests="1">
    <testcase classname="XDFwe/User View Sales Opportunities Chart no-op" name="XDFwe/User View Sales Opportunities Chart no-op" time="0">
      <skipped/>
    </testcase>
  </testsuite>
  <testsuite name="XDFwe/User List Properties" errors="0" failures="0" skipped="1" timestamp="2024-02-11T19:14:47" time="1.849" tests="1">
    <testcase classname="XDFwe/User List Properties no-op" name="XDFwe/User List Properties no-op" time="0">
      <skipped/>
    </testcase>
  </testsuite>
  <testsuite name="XDFwe/User Create Property" errors="0" failures="0" skipped="1" timestamp="2024-02-11T19:14:47" time="1.994" tests="1">
    <testcase classname="XDFwe/User Create Property no-op" name="XDFwe/User Create Property no-op" time="0">
      <skipped/>
    </testcase>
  </testsuite>
  <testsuite name="XDFwe/User View Invoice &amp; Pipelines Chart" errors="0" failures="0" skipped="1" timestamp="2024-02-11T19:14:47" time="2.023" tests="1">
    <testcase classname="XDFwe/User View Invoice &amp; Pipelines Chart no-op" name="XDFwe/User View Invoice &amp; Pipelines Chart no-op" time="0">
      <skipped/>
    </testcase>
  </testsuite>
  <testsuite name="Core/User Create Activity" errors="0" failures="0" skipped="1" timestamp="2024-02-11T19:14:47" time="2.024" tests="1">
    <testcase classname="Core/User Create Activity no-op" name="Core/User Create Activity no-op" time="0">
      <skipped/>
    </testcase>
  </testsuite>
  <testsuite name="XDFwe/User View Sales Job Chart" errors="0" failures="0" skipped="0" timestamp="2024-02-11T19:14:47" time="2.562" tests="1">
    <testcase classname="XDFwe/User View Sales Job Chart Default smoke-test" name="XDFwe/User View Sales Job Chart Default smoke-test" time="0.731">
    </testcase>
  </testsuite>
  <testsuite name="XDFwe/User View Job" errors="0" failures="0" skipped="0" timestamp="2024-02-11T19:14:47" time="4.387" tests="1">
    <testcase classname="XDFwe/User View Job VewJobDetails smoke-test" name="XDFwe/User View Job VewJobDetails smoke-test" time="2.307">
    </testcase>
  </testsuite>
  <testsuite name="XDFwe/User Update Job" errors="0" failures="0" skipped="0" timestamp="2024-02-11T19:14:47" time="6.747" tests="1">
    <testcase classname="XDFwe/User Update Job UpdateSellingPrice smoke-test" name="XDFwe/User Update Job UpdateSellingPrice smoke-test" time="4.739">
    </testcase>
  </testsuite>
</testsuites>